// Jest Snapshot v1, https://goo.gl/fbAQLP

exports[`ErrorMsg should render correctly 1`] = `
<div
  className="container"
>
  <div
    className="error"
  >
    <h2>
      An ErrorMsg occurred
    </h2>
  </div>
</div>
`;
