// Jest Snapshot v1, https://goo.gl/fbAQLP

exports[`Loading should render correcty 1`] = `
<div
  styleName="loading"
>
  <img
    alt="Loading..."
    src=""
  />
</div>
`;
