// Jest Snapshot v1, https://goo.gl/fbAQLP

exports[`Icon should render correctly 1`] = `
<ul>
  <li
    key="0"
  >
    <div>
      <span>
        Error
      </span>
      <button
        onClick={[Function]}
        type="button"
      >
        âœ•
      </button>
    </div>
  </li>
</ul>
`;

exports[`Icon should return null if notifications array is empty 1`] = `""`;
