// Jest Snapshot v1, https://goo.gl/fbAQLP

exports[`Todo should render correctly one todo 1`] = `
<form
  key="1"
  styleName="todo"
  title="Papa anrufen"
>
  <input
    autoComplete="off"
    autoFocus={false}
    name="name"
    onChange={[Function]}
    placeholder="Name"
    styleName="input"
    type="text"
    value="Papa anrufen"
  />
  <div>
    <span>
      Every
    </span>
    <input
      autoComplete="off"
      min="1"
      name="schedule"
      onChange={[Function]}
      styleName="schedule-input"
      type="number"
      value={4}
    />
    <span>
      Days
    </span>
  </div>
  <div>
    <span>
      Last done on
    </span>
    <input
      name="lastEvent"
      onChange={[Function]}
      styleName="last-event-input"
      type="date"
      value="2018-06-03"
    />
    <button
      onClick={[Function]}
      type="button"
    >
      Today
    </button>
  </div>
  <Urgency
    lastEvent="2018-06-03"
    schedule={4}
    today="2018-06-02"
  />
  <ul
    styleName="btn-list"
  >
    <li
      styleName="btn-list-item"
    >
      <button
        disabled={true}
        onClick={[Function]}
        styleName="save-btn"
        title=""
        type="button"
      >
        <Icon
          className=""
          height="auto"
          name="save"
          width="1em"
        />
      </button>
    </li>
    <li
      styleName="btn-list-item"
    >
      <button
        disabled={false}
        onClick={[Function]}
        styleName="delete-btn"
        title="Remove Todo"
        type="button"
      >
        âœ•
      </button>
    </li>
  </ul>
</form>
`;
